==============================================================================================================
vb4 – zugesetzte Masse am Körper, Zeitbereich (RK4, DT 50 µs); Rechenzeit 17.1 s; zeta = 0.09923
==============================================================================================================

K=1e4, mu=1 (Gruppe): f_n = 19.74 Hz
   Triphasik (120,240)  m_a=0: F_min = 5.330390 N, F_max = 7.49192 N, <N> = 6.376500 N, Liftoff-Anteil 0.000, |N_1..3| = 0.0000 0.0000 1.0751
      m_a = 1.94 g: dF_min = +5.274e-03 N, dF_max = -5.423e-03 N, d<N> = -2.7e-15 N, |dN_k| = 6.30e-13 8.98e-11 5.49e-03 | d|N_k| = +6.25e-13 -1.24e-11 -5.35e-03
      m_a = 4.60 g: dF_min = +1.242e-02 N, dF_max = -1.277e-02 N, d<N> = -4.4e-15 N, |dN_k| = 1.50e-12 2.12e-10 1.29e-02 | d|N_k| = +1.49e-12 -3.15e-11 -1.26e-02
   (100,240)            m_a=0: F_min = 0.767689 N, F_max = 10.95479 N, <N> = 6.376500 N, Liftoff-Anteil 0.000, |N_1..3| = 1.5087 3.6767 0.9482
      m_a = 1.94 g: dF_min = -4.807e-03 N, dF_max = -6.530e-03 N, d<N> = +0.0e+00 N, |dN_k| = 1.54e-03 5.54e-02 4.84e-03 | d|N_k| = +1.53e-03 -7.64e-03 -4.72e-03
      m_a = 4.60 g: dF_min = -9.541e-03 N, dF_max = -1.715e-02 N, d<N> = +1.8e-15 N, |dN_k| = 3.66e-03 1.31e-01 1.14e-02 | d|N_k| = +3.63e-03 -1.94e-02 -1.11e-02
   (140,240)            m_a=0: F_min = 1.617559 N, F_max = 11.23514 N, <N> = 6.376500 N, Liftoff-Anteil 0.000, |N_1..3| = 1.5087 3.6767 0.9482
      m_a = 1.94 g: dF_min = +2.636e-02 N, dF_max = -2.368e-02 N, d<N> = -3.6e-15 N, |dN_k| = 1.54e-03 5.54e-02 4.84e-03 | d|N_k| = +1.53e-03 -7.64e-03 -4.72e-03
      m_a = 4.60 g: dF_min = +6.391e-02 N, dF_max = -5.690e-02 N, d<N> = -1.1e-14 N, |dN_k| = 3.66e-03 1.31e-01 1.14e-02 | d|N_k| = +3.63e-03 -1.94e-02 -1.11e-02
   Einzelmodul          m_a=0: F_min = 0.000000 N, F_max = 14.42846 N, <N> = 6.376630 N, Liftoff-Anteil 0.179, |N_1..3| = 4.4812 4.2518 0.8093
      m_a = 1.94 g: dF_min = +0.000e+00 N, dF_max = -3.604e-02 N, d<N> = -2.6e-04 N, |dN_k| = 4.76e-03 4.99e-02 1.06e-02 | d|N_k| = +4.44e-03 -2.26e-02 -3.26e-03
      m_a = 4.60 g: dF_min = +0.000e+00 N, dF_max = -8.529e-02 N, d<N> = -3.0e-06 N, |dN_k| = 1.01e-02 1.16e-01 2.62e-02 | d|N_k| = +9.24e-03 -5.36e-02 -8.23e-03
   F_min(120) - F_min(100) = 4.5627 N, F_min(120) - F_min(140) = 3.7128 N
      m_a = 1.94 g: Änderung der Differenz F_min(120)-F_min(100/140) = +1.008e-02 / -2.109e-02 N
      m_a = 4.60 g: Änderung der Differenz F_min(120)-F_min(100/140) = +2.196e-02 / -5.149e-02 N

K=1e5, mu=0,4: f_n = 62.43 Hz
   Triphasik (120,240)  m_a=0: F_min = 5.188812 N, F_max = 7.31011 N, <N> = 6.376500 N, Liftoff-Anteil 0.000, |N_1..3| = 0.0000 0.0000 0.7172
      m_a = 1.94 g: dF_min = -2.065e-03 N, dF_max = +5.453e-03 N, d<N> = -6.2e-15 N, |dN_k| = 4.11e-14 1.46e-13 6.38e-04 | d|N_k| = +4.11e-14 +1.45e-13 +6.34e-04
      m_a = 4.60 g: dF_min = -4.735e-03 N, dF_max = +1.289e-02 N, d<N> = -1.7e-14 N, |dN_k| = 9.72e-14 3.45e-13 1.52e-03 | d|N_k| = +9.71e-14 +3.45e-13 +1.50e-03
   (100,240)            m_a=0: F_min = 4.821182 N, F_max = 7.38790 N, <N> = 6.376500 N, Liftoff-Anteil 0.000, |N_1..3| = 0.4623 0.3257 0.6325
      m_a = 1.94 g: dF_min = +1.067e-04 N, dF_max = +4.541e-03 N, d<N> = +2.7e-15 N, |dN_k| = 3.63e-05 1.11e-04 5.63e-04 | d|N_k| = +3.63e-05 +1.11e-04 +5.59e-04
      m_a = 4.60 g: dF_min = +3.676e-04 N, dF_max = +1.086e-02 N, d<N> = +6.2e-15 N, |dN_k| = 8.61e-05 2.63e-04 1.34e-03 | d|N_k| = +8.61e-05 +2.63e-04 +1.33e-03
   (140,240)            m_a=0: F_min = 4.753156 N, F_max = 7.28594 N, <N> = 6.376500 N, Liftoff-Anteil 0.000, |N_1..3| = 0.4623 0.3257 0.6325
      m_a = 1.94 g: dF_min = -2.603e-03 N, dF_max = +3.656e-03 N, d<N> = -1.7e-14 N, |dN_k| = 3.63e-05 1.11e-04 5.63e-04 | d|N_k| = +3.63e-05 +1.11e-04 +5.59e-04
      m_a = 4.60 g: dF_min = -6.070e-03 N, dF_max = +8.710e-03 N, d<N> = -4.0e-14 N, |dN_k| = 8.61e-05 2.63e-04 1.34e-03 | d|N_k| = +8.61e-05 +2.63e-04 +1.33e-03
   Einzelmodul          m_a=0: F_min = 5.263190 N, F_max = 8.40943 N, <N> = 6.376500 N, Liftoff-Anteil 0.000, |N_1..3| = 1.3311 0.4761 0.2391
      m_a = 1.94 g: dF_min = -5.196e-04 N, dF_max = +2.615e-03 N, d<N> = -2.2e-14 N, |dN_k| = 1.05e-04 1.62e-04 2.13e-04 | d|N_k| = +1.05e-04 +1.62e-04 +2.11e-04
      m_a = 4.60 g: dF_min = -1.219e-03 N, dF_max = +6.207e-03 N, d<N> = -5.2e-14 N, |dN_k| = 2.48e-04 3.85e-04 5.05e-04 | d|N_k| = +2.48e-04 +3.84e-04 +5.01e-04
   F_min(120) - F_min(100) = 0.3676 N, F_min(120) - F_min(140) = 0.4357 N
      m_a = 1.94 g: Änderung der Differenz F_min(120)-F_min(100/140) = -2.172e-03 / +5.381e-04 N
      m_a = 4.60 g: Änderung der Differenz F_min(120)-F_min(100/140) = -5.102e-03 / +1.335e-03 N

K=1e6, mu=0,4: f_n = 197.41 Hz
   Triphasik (120,240)  m_a=0: F_min = 5.562047 N, F_max = 6.85305 N, <N> = 6.376500 N, Liftoff-Anteil 0.000, |N_1..3| = 0.0000 0.0000 0.5663
      m_a = 1.94 g: dF_min = -2.118e-04 N, dF_max = +4.505e-04 N, d<N> = -7.2e-14 N, |dN_k| = 2.61e-13 3.22e-13 3.99e-05 | d|N_k| = +2.61e-13 -3.22e-13 +3.99e-05
      m_a = 4.60 g: dF_min = -5.088e-04 N, dF_max = +1.070e-03 N, d<N> = -1.7e-13 N, |dN_k| = 6.16e-13 7.60e-13 9.47e-05 | d|N_k| = +6.16e-13 -7.60e-13 +9.47e-05
   (100,240)            m_a=0: F_min = 5.104827 N, F_max = 7.08125 N, <N> = 6.376500 N, Liftoff-Anteil 0.000, |N_1..3| = 0.4516 0.2954 0.4995
      m_a = 1.94 g: dF_min = -1.413e-04 N, dF_max = -2.611e-04 N, d<N> = +2.4e-14 N, |dN_k| = 3.47e-06 9.14e-06 3.52e-05 | d|N_k| = +3.47e-06 +9.14e-06 +3.52e-05
      m_a = 4.60 g: dF_min = -3.392e-04 N, dF_max = -6.310e-04 N, d<N> = +5.7e-14 N, |dN_k| = 8.22e-06 2.17e-05 8.35e-05 | d|N_k| = +8.22e-06 +2.17e-05 +8.35e-05
   (140,240)            m_a=0: F_min = 5.094055 N, F_max = 7.10088 N, <N> = 6.376500 N, Liftoff-Anteil 0.000, |N_1..3| = 0.4516 0.2954 0.4995
      m_a = 1.94 g: dF_min = -5.730e-05 N, dF_max = +2.464e-04 N, d<N> = -1.7e-13 N, |dN_k| = 3.47e-06 9.14e-06 3.52e-05 | d|N_k| = +3.47e-06 +9.14e-06 +3.52e-05
      m_a = 4.60 g: dF_min = -1.360e-04 N, dF_max = +5.869e-04 N, d<N> = -3.9e-13 N, |dN_k| = 8.22e-06 2.17e-05 8.35e-05 | d|N_k| = +8.22e-06 +2.17e-05 +8.35e-05
   Einzelmodul          m_a=0: F_min = 5.361092 N, F_max = 8.26731 N, <N> = 6.376500 N, Liftoff-Anteil 0.000, |N_1..3| = 1.3003 0.4319 0.1888
      m_a = 1.94 g: dF_min = -6.208e-05 N, dF_max = -2.442e-04 N, d<N> = -2.1e-13 N, |dN_k| = 9.98e-06 1.34e-05 1.33e-05 | d|N_k| = +9.98e-06 +1.34e-05 +1.33e-05
      m_a = 4.60 g: dF_min = -1.435e-04 N, dF_max = -5.772e-04 N, d<N> = -5.1e-13 N, |dN_k| = 2.37e-05 3.17e-05 3.16e-05 | d|N_k| = +2.37e-05 +3.17e-05 +3.16e-05
   F_min(120) - F_min(100) = 0.4572 N, F_min(120) - F_min(140) = 0.4680 N
      m_a = 1.94 g: Änderung der Differenz F_min(120)-F_min(100/140) = -7.044e-05 / -1.545e-04 N
      m_a = 4.60 g: Änderung der Differenz F_min(120)-F_min(100/140) = -1.697e-04 / -3.728e-04 N

K=1e5, mu=1: f_n = 62.43 Hz
   Triphasik (120,240)  m_a=0: F_min = 3.407281 N, F_max = 8.71051 N, <N> = 6.376500 N, Liftoff-Anteil 0.000, |N_1..3| = 0.0000 0.0000 1.7930
      m_a = 1.94 g: dF_min = -5.163e-03 N, dF_max = +1.363e-02 N, d<N> = -1.7e-14 N, |dN_k| = 1.03e-13 3.64e-13 1.60e-03 | d|N_k| = +1.03e-13 +3.63e-13 +1.58e-03
      m_a = 4.60 g: dF_min = -1.184e-02 N, dF_max = +3.223e-02 N, d<N> = -4.2e-14 N, |dN_k| = 2.43e-13 8.63e-13 3.79e-03 | d|N_k| = +2.43e-13 +8.61e-13 +3.76e-03
   (100,240)            m_a=0: F_min = 2.488206 N, F_max = 8.90500 N, <N> = 6.376500 N, Liftoff-Anteil 0.000, |N_1..3| = 1.1557 0.8142 1.5812
      m_a = 1.94 g: dF_min = +2.668e-04 N, dF_max = +1.135e-02 N, d<N> = +5.3e-15 N, |dN_k| = 9.08e-05 2.77e-04 1.41e-03 | d|N_k| = +9.08e-05 +2.77e-04 +1.40e-03
      m_a = 4.60 g: dF_min = +9.190e-04 N, dF_max = +2.714e-02 N, d<N> = +1.4e-14 N, |dN_k| = 2.15e-04 6.58e-04 3.34e-03 | d|N_k| = +2.15e-04 +6.56e-04 +3.32e-03
   (140,240)            m_a=0: F_min = 2.318140 N, F_max = 8.65010 N, <N> = 6.376500 N, Liftoff-Anteil 0.000, |N_1..3| = 1.1557 0.8142 1.5812
      m_a = 1.94 g: dF_min = -6.509e-03 N, dF_max = +9.139e-03 N, d<N> = -4.2e-14 N, |dN_k| = 9.08e-05 2.77e-04 1.41e-03 | d|N_k| = +9.08e-05 +2.77e-04 +1.40e-03
      m_a = 4.60 g: dF_min = -1.517e-02 N, dF_max = +2.177e-02 N, d<N> = -1.0e-13 N, |dN_k| = 2.15e-04 6.58e-04 3.34e-03 | d|N_k| = +2.15e-04 +6.56e-04 +3.32e-03
   Einzelmodul          m_a=0: F_min = 3.593224 N, F_max = 11.45883 N, <N> = 6.376500 N, Liftoff-Anteil 0.000, |N_1..3| = 3.3277 1.1903 0.5977
      m_a = 1.94 g: dF_min = -1.299e-03 N, dF_max = +6.537e-03 N, d<N> = -5.4e-14 N, |dN_k| = 2.61e-04 4.05e-04 5.32e-04 | d|N_k| = +2.61e-04 +4.04e-04 +5.28e-04
      m_a = 4.60 g: dF_min = -3.048e-03 N, dF_max = +1.552e-02 N, d<N> = -1.3e-13 N, |dN_k| = 6.20e-04 9.62e-04 1.26e-03 | d|N_k| = +6.20e-04 +9.59e-04 +1.25e-03
   F_min(120) - F_min(100) = 0.9191 N, F_min(120) - F_min(140) = 1.0891 N
      m_a = 1.94 g: Änderung der Differenz F_min(120)-F_min(100/140) = -5.430e-03 / +1.345e-03 N
      m_a = 4.60 g: Änderung der Differenz F_min(120)-F_min(100/140) = -1.276e-02 / +3.338e-03 N

K=1e6, mu=1: f_n = 197.41 Hz
   Triphasik (120,240)  m_a=0: F_min = 4.340368 N, F_max = 7.56788 N, <N> = 6.376500 N, Liftoff-Anteil 0.000, |N_1..3| = 0.0000 0.0000 1.4158
      m_a = 1.94 g: dF_min = -5.294e-04 N, dF_max = +1.126e-03 N, d<N> = -1.8e-13 N, |dN_k| = 6.52e-13 8.04e-13 9.99e-05 | d|N_k| = +6.51e-13 -8.04e-13 +9.98e-05
      m_a = 4.60 g: dF_min = -1.272e-03 N, dF_max = +2.674e-03 N, d<N> = -4.2e-13 N, |dN_k| = 1.54e-12 1.90e-12 2.37e-04 | d|N_k| = +1.54e-12 -1.90e-12 +2.37e-04
   (100,240)            m_a=0: F_min = 3.197318 N, F_max = 8.13837 N, <N> = 6.376500 N, Liftoff-Anteil 0.000, |N_1..3| = 1.1290 0.7386 1.2487
      m_a = 1.94 g: dF_min = -3.533e-04 N, dF_max = -6.526e-04 N, d<N> = +6.0e-14 N, |dN_k| = 8.67e-06 2.29e-05 8.81e-05 | d|N_k| = +8.67e-06 +2.29e-05 +8.80e-05
      m_a = 4.60 g: dF_min = -8.479e-04 N, dF_max = -1.577e-03 N, d<N> = +1.4e-13 N, |dN_k| = 2.06e-05 5.42e-05 2.09e-04 | d|N_k| = +2.06e-05 +5.42e-05 +2.09e-04
   (140,240)            m_a=0: F_min = 3.170388 N, F_max = 8.18744 N, <N> = 6.376500 N, Liftoff-Anteil 0.000, |N_1..3| = 1.1290 0.7386 1.2487
      m_a = 1.94 g: dF_min = -1.433e-04 N, dF_max = +6.161e-04 N, d<N> = -4.2e-13 N, |dN_k| = 8.67e-06 2.29e-05 8.81e-05 | d|N_k| = +8.67e-06 +2.29e-05 +8.80e-05
      m_a = 4.60 g: dF_min = -3.401e-04 N, dF_max = +1.467e-03 N, d<N> = -9.8e-13 N, |dN_k| = 2.06e-05 5.42e-05 2.09e-04 | d|N_k| = +2.06e-05 +5.42e-05 +2.09e-04
   Einzelmodul          m_a=0: F_min = 3.837981 N, F_max = 11.10353 N, <N> = 6.376500 N, Liftoff-Anteil 0.000, |N_1..3| = 3.2507 1.0797 0.4719
      m_a = 1.94 g: dF_min = -1.552e-04 N, dF_max = -6.106e-04 N, d<N> = -5.3e-13 N, |dN_k| = 2.50e-05 3.34e-05 3.33e-05 | d|N_k| = +2.50e-05 +3.34e-05 +3.33e-05
      m_a = 4.60 g: dF_min = -3.587e-04 N, dF_max = -1.443e-03 N, d<N> = -1.3e-12 N, |dN_k| = 5.92e-05 7.92e-05 7.89e-05 | d|N_k| = +5.92e-05 +7.92e-05 +7.89e-05
   F_min(120) - F_min(100) = 1.1430 N, F_min(120) - F_min(140) = 1.1700 N
      m_a = 1.94 g: Änderung der Differenz F_min(120)-F_min(100/140) = -1.761e-04 / -3.862e-04 N
      m_a = 4.60 g: Änderung der Differenz F_min(120)-F_min(100/140) = -4.242e-04 / -9.320e-04 N
