==============================================================================================================
vb6 – Module, Symmetrie, Überschläge
==============================================================================================================
Analytische Amplituden (einseitig): |v_k| m/s = 2.3817e-01 3.9248e-02 1.1289e-02 1.2812e-03 1.4065e-03
                                    |a_k| m/s^2 = 1.4965e+01 4.9321e+00 2.1280e+00 3.2200e-01 4.4187e-01
Hub 7.6923 mm, v_max 0.2417 m/s
Zeitumkehrsymmetrie max|z(t*-t) - z(t)| = 4.47e-18 m (t* = THOLD*T)
<v|v|> = +0.00e+00, <v^3> = +2.84e-19, <v^5> = +0.00e+00 (ungerade -> 0)
Antisymmetrie z(t+D) = -z(t): bestes max|.| über D = 3.546 mm (nicht erfüllt -> 3. Ordnung mit Gedächtnis nicht durch Symmetrie ausgeschlossen)
Zweiterm-Gleichrichtung <V|V|>, V = Summe der drei Modulgeschwindigkeiten / 3:
   (  0,  0): <V|V|> = +0.000e+00 m^2/s^2
   (120,240): <V|V|> = +3.997e-20 m^2/s^2
   (100,240): <V|V|> = +7.667e-05 m^2/s^2
   (260,120): <V|V|> = -7.667e-05 m^2/s^2
   (140,240): <V|V|> = -7.667e-05 m^2/s^2
   (220,120): <V|V|> = +7.667e-05 m^2/s^2
   (100,240) und (260,120) = (-100,-240) mod 360 sowie (140,240)/(220,120) sollen entgegengesetzt gleich sein.

Modul in offener Luft, Amplituden bei f / 2f / 3f (N):
   Kugel R=1,45 cm: Trägheit 1.393e-04 / 4.352e-05 / 1.832e-05 ; viskos 2.576e-05 / 5.923e-06 / 2.074e-06 ; max/u_c = 0.0043
   Scheibe R=4 cm: Trägheit 3.252e-03 / 1.054e-03 / 4.512e-04 ; viskos 1.904e-04 / 4.414e-05 / 1.552e-05 ; max/u_c = 0.0994

Geschlossenes Gehäuse: Innenluftkraft auf das Gesamtsystem = rho_L V_mod a_mod; Stahlmodul 100 g (V = 12.74 cm^3): Amplitude bei f = 2.29e-04 N = 7.0e-03 u_c (relativ zur Modulträgheit rho_L/rho_St = 1.5e-04); Gleichanteil exakt 0 (d/dt eines periodischen Impulses).

Überschläge:
   Auftrieb rho g V, V = 1.8 l: 0.0212 N = 0.65 u_c; +-10 hPa (1 %): 2.12e-04 N
   Auftrieb rho g V, V = 4.0 l: 0.0471 N = 1.44 u_c; +-10 hPa (1 %): 4.71e-04 N
   sigma = 1e-07 C/m^2, A = 0,04 m^2: F = 2.259e-05 N; E = sigma/eps0 = 1.13e+04 V/m (0 % der Durchschlagfeldstärke 3 MV/m)
   sigma = 1e-06 C/m^2, A = 0,04 m^2: F = 2.259e-03 N; E = sigma/eps0 = 1.13e+05 V/m (4 % der Durchschlagfeldstärke 3 MV/m)
   sigma = 1e-05 C/m^2, A = 0,04 m^2: F = 2.259e-01 N; E = sigma/eps0 = 1.13e+06 V/m (38 % der Durchschlagfeldstärke 3 MV/m)
