====================================================================================================
Befund 1 – Kennzahlen Träger (Driftskript v2), f = 10.0 Hz, RATIO = 0.2000, V_FAST = 0.060 m/s
====================================================================================================

[synchron (0,0)]  U_max = 12.0000 mm/s, a (halbe Spitze-Spitze) = 0.1337 mm, Spitze-Spitze = 0.2674 mm, a_sin = U_max/omega = 0.1910 mm
  Luft: nu = 1.500e-05 m^2/s, delta = 0.6910 mm, delta/a = 5.169, Re_s = omega a^2/nu = 0.0749
    D=0.2 m (Notiz)  D = 0.2000 m: KC_U = 0.00600, KC_a = 0.00420, KC(a_Notiz=0.3 mm) = 0.00942, Re =   160.00, beta = 2.6667e+04, Re/KC_U = 2.6667e+04, delta/D = 3.45e-03
    D=sqrt(4A/pi)    D = 0.1954 m: KC_U = 0.00614, KC_a = 0.00430, KC(a_Notiz=0.3 mm) = 0.00964, Re =   156.35, beta = 2.5465e+04, Re/KC_U = 2.5465e+04, delta/D = 3.54e-03
    D=sqrt(A)        D = 0.1732 m: KC_U = 0.00693, KC_a = 0.00485, KC(a_Notiz=0.3 mm) = 0.01088, Re =   138.56, beta = 2.0000e+04, Re/KC_U = 2.0000e+04, delta/D = 3.99e-03
  Wasser: nu = 1.000e-06 m^2/s, delta = 0.1784 mm, delta/a = 1.335, Re_s = omega a^2/nu = 1.1230
    D=0.2 m (Notiz)  D = 0.2000 m: KC_U = 0.00600, KC_a = 0.00420, KC(a_Notiz=0.3 mm) = 0.00942, Re =  2400.00, beta = 4.0000e+05, Re/KC_U = 4.0000e+05, delta/D = 8.92e-04
    D=sqrt(4A/pi)    D = 0.1954 m: KC_U = 0.00614, KC_a = 0.00430, KC(a_Notiz=0.3 mm) = 0.00964, Re =  2345.29, beta = 3.8197e+05, Re/KC_U = 3.8197e+05, delta/D = 9.13e-04
    D=sqrt(A)        D = 0.1732 m: KC_U = 0.00693, KC_a = 0.00485, KC(a_Notiz=0.3 mm) = 0.01088, Re =  2078.46, beta = 3.0000e+05, Re/KC_U = 3.0000e+05, delta/D = 1.03e-03

[Triphasik (120,240)]  U_max = 1.5560 mm/s, a (halbe Spitze-Spitze) = 0.0062 mm, Spitze-Spitze = 0.0124 mm, a_sin = U_max/omega = 0.0248 mm
  Luft: nu = 1.500e-05 m^2/s, delta = 0.6910 mm, delta/a = 111.428, Re_s = omega a^2/nu = 0.0002
    D=0.2 m (Notiz)  D = 0.2000 m: KC_U = 0.00078, KC_a = 0.00019, KC(a_Notiz=0.3 mm) = 0.00942, Re =    20.75, beta = 2.6667e+04, Re/KC_U = 2.6667e+04, delta/D = 3.45e-03
    D=sqrt(4A/pi)    D = 0.1954 m: KC_U = 0.00080, KC_a = 0.00020, KC(a_Notiz=0.3 mm) = 0.00964, Re =    20.27, beta = 2.5465e+04, Re/KC_U = 2.5465e+04, delta/D = 3.54e-03
    D=sqrt(A)        D = 0.1732 m: KC_U = 0.00090, KC_a = 0.00022, KC(a_Notiz=0.3 mm) = 0.01088, Re =    17.97, beta = 2.0000e+04, Re/KC_U = 2.0000e+04, delta/D = 3.99e-03
  Wasser: nu = 1.000e-06 m^2/s, delta = 0.1784 mm, delta/a = 28.771, Re_s = omega a^2/nu = 0.0024
    D=0.2 m (Notiz)  D = 0.2000 m: KC_U = 0.00078, KC_a = 0.00019, KC(a_Notiz=0.3 mm) = 0.00942, Re =   311.20, beta = 4.0000e+05, Re/KC_U = 4.0000e+05, delta/D = 8.92e-04
    D=sqrt(4A/pi)    D = 0.1954 m: KC_U = 0.00080, KC_a = 0.00020, KC(a_Notiz=0.3 mm) = 0.00964, Re =   304.11, beta = 3.8197e+05, Re/KC_U = 3.8197e+05, delta/D = 9.13e-04
    D=sqrt(A)        D = 0.1732 m: KC_U = 0.00090, KC_a = 0.00022, KC(a_Notiz=0.3 mm) = 0.01088, Re =   269.51, beta = 3.0000e+05, Re/KC_U = 3.0000e+05, delta/D = 1.03e-03

[langsamster Punkt (221.54,110.77)]  U_max = 2.5138 mm/s, a (halbe Spitze-Spitze) = 0.0163 mm, Spitze-Spitze = 0.0325 mm, a_sin = U_max/omega = 0.0400 mm
  Luft: nu = 1.500e-05 m^2/s, delta = 0.6910 mm, delta/a = 42.497, Re_s = omega a^2/nu = 0.0011
    D=0.2 m (Notiz)  D = 0.2000 m: KC_U = 0.00126, KC_a = 0.00051, KC(a_Notiz=0.3 mm) = 0.00942, Re =    33.52, beta = 2.6667e+04, Re/KC_U = 2.6667e+04, delta/D = 3.45e-03
    D=sqrt(4A/pi)    D = 0.1954 m: KC_U = 0.00129, KC_a = 0.00052, KC(a_Notiz=0.3 mm) = 0.00964, Re =    32.75, beta = 2.5465e+04, Re/KC_U = 2.5465e+04, delta/D = 3.54e-03
    D=sqrt(A)        D = 0.1732 m: KC_U = 0.00145, KC_a = 0.00059, KC(a_Notiz=0.3 mm) = 0.01088, Re =    29.03, beta = 2.0000e+04, Re/KC_U = 2.0000e+04, delta/D = 3.99e-03
  Wasser: nu = 1.000e-06 m^2/s, delta = 0.1784 mm, delta/a = 10.973, Re_s = omega a^2/nu = 0.0166
    D=0.2 m (Notiz)  D = 0.2000 m: KC_U = 0.00126, KC_a = 0.00051, KC(a_Notiz=0.3 mm) = 0.00942, Re =   502.75, beta = 4.0000e+05, Re/KC_U = 4.0000e+05, delta/D = 8.92e-04
    D=sqrt(4A/pi)    D = 0.1954 m: KC_U = 0.00129, KC_a = 0.00052, KC(a_Notiz=0.3 mm) = 0.00964, Re =   491.29, beta = 3.8197e+05, Re/KC_U = 3.8197e+05, delta/D = 9.13e-04
    D=sqrt(A)        D = 0.1732 m: KC_U = 0.00145, KC_a = 0.00059, KC(a_Notiz=0.3 mm) = 0.01088, Re =   435.40, beta = 3.0000e+05, Re/KC_U = 3.0000e+05, delta/D = 1.03e-03

====================================================================================================
Kraftanteile (Annahme Kugel R = sqrt(A/pi) = 0.0977 m; Skriptwiderstand C2 = 0.0120 m^2)
====================================================================================================

[synchron (0,0)] Luft:
   k | |V_k| mm/s | lin. viskos N | lin. Trägheit N | quasistat. quadr. N (Skript)
   0 |   3.19e-06 |      0 (lin.) |        0 (lin.) | +1.675e-07  (= F_bar_A Skript: +1.675e-07)
   1 |     8.2788 |     3.909e-05 |       1.259e-03 | 9.655e-07
   2 |     2.7285 |     1.818e-05 |       8.222e-04 | 4.113e-07
   3 |     1.1772 |     9.600e-06 |       5.300e-04 | 3.393e-07
   4 |     0.1781 |     1.676e-06 |       1.067e-04 | 1.714e-07
   viskos/träge (k=1) analytisch ~ 9*delta/(2R)/(1+9*delta/(2R)) = 0.0308;  Eigenträgheit Träger M_SHELL*omega*|V_1| = 3.121e-01 N; zugesetzte Masse/M_ges = 3.13e-03

[synchron (0,0)] Wasser:
   k | |V_k| mm/s | lin. viskos N | lin. Trägheit N | quasistat. quadr. N (Skript)
   0 |   3.19e-06 |      0 (lin.) |        0 (lin.) | +1.396e-04  (= F_bar_A Skript: +1.396e-04)
   1 |     8.2788 |     8.368e-03 |       1.025e+00 | 8.046e-04
   2 |     2.7285 |     3.898e-03 |       6.740e-01 | 3.428e-04
   3 |     1.1772 |     2.059e-03 |       4.357e-01 | 2.828e-04
   4 |     0.1781 |     3.598e-04 |       8.786e-02 | 1.428e-04
   viskos/träge (k=1) analytisch ~ 9*delta/(2R)/(1+9*delta/(2R)) = 0.0081;  Eigenträgheit Träger M_SHELL*omega*|V_1| = 3.121e-01 N; zugesetzte Masse/M_ges = 2.61e+00

[Triphasik (120,240)] Luft:
   k | |V_k| mm/s | lin. viskos N | lin. Trägheit N | quasistat. quadr. N (Skript)
   0 |   3.54e-07 |      0 (lin.) |        0 (lin.) | -1.749e-09  (= F_bar_A Skript: -1.749e-09)
   1 |     0.0000 |     6.069e-12 |       1.954e-10 | 5.758e-14
   2 |     0.0000 |     1.111e-11 |       5.024e-10 | 7.488e-14
   3 |     1.1772 |     9.600e-06 |       5.300e-04 | 1.802e-08
   4 |     0.0000 |     8.218e-12 |       5.229e-10 | 3.909e-14
   viskos/träge (k=1) analytisch ~ 9*delta/(2R)/(1+9*delta/(2R)) = 0.0308;  Eigenträgheit Träger M_SHELL*omega*|V_1| = 4.845e-08 N; zugesetzte Masse/M_ges = 3.13e-03

[Triphasik (120,240)] Wasser:
   k | |V_k| mm/s | lin. viskos N | lin. Trägheit N | quasistat. quadr. N (Skript)
   0 |   3.54e-07 |      0 (lin.) |        0 (lin.) | -1.457e-06  (= F_bar_A Skript: -1.457e-06)
   1 |     0.0000 |     1.299e-09 |       1.591e-07 | 4.799e-11
   2 |     0.0000 |     2.382e-09 |       4.118e-07 | 6.240e-11
   3 |     1.1772 |     2.059e-03 |       4.357e-01 | 1.502e-05
   4 |     0.0000 |     1.764e-09 |       4.307e-07 | 3.258e-11
   viskos/träge (k=1) analytisch ~ 9*delta/(2R)/(1+9*delta/(2R)) = 0.0081;  Eigenträgheit Träger M_SHELL*omega*|V_1| = 4.845e-08 N; zugesetzte Masse/M_ges = 2.61e+00

[langsamster Punkt (221.54,110.77)] Luft:
   k | |V_k| mm/s | lin. viskos N | lin. Trägheit N | quasistat. quadr. N (Skript)
   0 |   5.47e-07 |      0 (lin.) |        0 (lin.) | -4.009e-09  (= F_bar_A Skript: -4.009e-09)
   1 |     0.8025 |     3.789e-06 |       1.220e-04 | 2.161e-08
   2 |     0.4520 |     3.013e-06 |       1.362e-04 | 1.282e-08
   3 |     1.0873 |     8.867e-06 |       4.895e-04 | 2.264e-08
   4 |     0.0737 |     6.935e-07 |       4.413e-05 | 5.601e-09
   viskos/träge (k=1) analytisch ~ 9*delta/(2R)/(1+9*delta/(2R)) = 0.0308;  Eigenträgheit Träger M_SHELL*omega*|V_1| = 3.025e-02 N; zugesetzte Masse/M_ges = 3.13e-03

[langsamster Punkt (221.54,110.77)] Wasser:
   k | |V_k| mm/s | lin. viskos N | lin. Trägheit N | quasistat. quadr. N (Skript)
   0 |   5.47e-07 |      0 (lin.) |        0 (lin.) | -3.341e-06  (= F_bar_A Skript: -3.341e-06)
   1 |     0.8025 |     8.111e-04 |       9.935e-02 | 1.801e-05
   2 |     0.4520 |     6.458e-04 |       1.117e-01 | 1.068e-05
   3 |     1.0873 |     1.902e-03 |       4.025e-01 | 1.887e-05
   4 |     0.0737 |     1.488e-04 |       3.635e-02 | 4.668e-06
   viskos/träge (k=1) analytisch ~ 9*delta/(2R)/(1+9*delta/(2R)) = 0.0081;  Eigenträgheit Träger M_SHELL*omega*|V_1| = 3.025e-02 N; zugesetzte Masse/M_ges = 2.61e+00

====================================================================================================
Stokes-Wang (Kreiszylinder, laminar, anliegend): C_D und C_M als formale Morison-Beiwerte
====================================================================================================
  Luft   D=0.2 m (Notiz) : beta = 2.667e+04, KC_U(sync) = 0.00600, C_D,Wang =     26.87, C_M = 2.0138, F_D/F_I (Spitzen) = C_D KC/(pi^2 C_M) = 0.0081
  Luft   D=sqrt(4A/pi)   : beta = 2.546e+04, KC_U(sync) = 0.00614, C_D,Wang =     26.88, C_M = 2.0141, F_D/F_I (Spitzen) = C_D KC/(pi^2 C_M) = 0.0083
  Luft   D=sqrt(A)       : beta = 2.000e+04, KC_U(sync) = 0.00693, C_D,Wang =     26.89, C_M = 2.0160, F_D/F_I (Spitzen) = C_D KC/(pi^2 C_M) = 0.0094
  Wasser D=0.2 m (Notiz) : beta = 4.000e+05, KC_U(sync) = 0.00600, C_D,Wang =      6.92, C_M = 2.0036, F_D/F_I (Spitzen) = C_D KC/(pi^2 C_M) = 0.0021
  Wasser D=sqrt(4A/pi)   : beta = 3.820e+05, KC_U(sync) = 0.00614, C_D,Wang =      6.92, C_M = 2.0037, F_D/F_I (Spitzen) = C_D KC/(pi^2 C_M) = 0.0021
  Wasser D=sqrt(A)       : beta = 3.000e+05, KC_U(sync) = 0.00693, C_D,Wang =      6.92, C_M = 2.0041, F_D/F_I (Spitzen) = C_D KC/(pi^2 C_M) = 0.0024
