══════════════════════════════════════════════════════════════════════
PCMMS Fluid-Drift v2 – stationäre Karte 13×13, rho = 1000.0 kg/m³
══════════════════════════════════════════════════════════════════════
Karte in 0.8 s berechnet.

================================================================================
   STATIONÄRE DRIFT (gemittelte Bilanz), mm/s
================================================================================
φ3=332.3° | +0.91 +0.68 +0.35 +0.11 +0.10 +0.37 +0.52 +0.37 +0.10 +0.11 +0.35 +0.68 +0.91
φ3=304.6° | +0.58 +0.35 +0.08 -0.11 -0.07 +0.20 +0.20 -0.07 -0.11 +0.08 +0.35 +0.58 +0.68
φ3=276.9° | +0.27 +0.11 -0.11 -0.29 -0.24 -0.07 -0.24 -0.29 -0.11 +0.11 +0.27 +0.35 +0.35
φ3=249.2° | +0.15 +0.10 -0.07 -0.24 -0.17 -0.17 -0.24 -0.07 +0.10 +0.15 +0.11 +0.08 +0.11
φ3=221.5° | +0.33 +0.37 +0.20 -0.07 -0.17 -0.07 +0.20 +0.37 +0.33 +0.10 -0.11 -0.11 +0.10
φ3=193.8° | +0.57 +0.52 +0.20 -0.24 -0.24 +0.20 +0.52 +0.57 +0.37 -0.07 -0.29 -0.07 +0.37
φ3=166.2° | +0.57 +0.37 -0.07 -0.29 -0.07 +0.37 +0.57 +0.52 +0.20 -0.24 -0.24 +0.20 +0.52
φ3=138.5° | +0.33 +0.10 -0.11 -0.11 +0.10 +0.33 +0.37 +0.20 -0.07 -0.17 -0.07 +0.20 +0.37
φ3=110.8° | +0.15 +0.11 +0.08 +0.11 +0.15 +0.10 -0.07 -0.24 -0.17 -0.17 -0.24 -0.07 +0.10
φ3= 83.1° | +0.27 +0.35 +0.35 +0.27 +0.11 -0.11 -0.29 -0.24 -0.07 -0.24 -0.29 -0.11 +0.11
φ3= 55.4° | +0.58 +0.68 +0.58 +0.35 +0.08 -0.11 -0.07 +0.20 +0.20 -0.07 -0.11 +0.08 +0.35
φ3= 27.7° | +0.91 +0.91 +0.68 +0.35 +0.11 +0.10 +0.37 +0.52 +0.37 +0.10 +0.11 +0.35 +0.68
φ3=  0.0° | +1.05 +0.91 +0.58 +0.27 +0.15 +0.33 +0.57 +0.57 +0.33 +0.15 +0.27 +0.58 +0.91
================================================================================
min = -0.2945 | max = 1.0549 | mean = 0.1813 mm/s | negativ: 54/169

Zusatzpunkt Triphasik (120°, 240°): v_d = -0.0810 mm/s, F_bar_A = -1.457e-06 N, tau = 42.0 s  (nicht im 13er-Raster)
CSV geschrieben: sweep_13x13_drift_v2.csv

Kontrolle integriertes Modell (Abbruch über Periodenmittel):
  (  0.00°,   0.00°): Bilanz +1.0549 | integriert +1.0548 mm/s nach 546 Perioden (55 s), tau ≈ 5.8 s
  (120.00°, 240.00°): Bilanz -0.0810 | integriert -0.0810 mm/s nach 3232 Perioden (323 s), tau ≈ 42.0 s

real	0m28.814s
user	0m28.512s
sys	0m0.097s
