====================================================================================================
(a)/(b) Periodische Lösung des integrierten Modells vs. gemittelte Bilanz drift_balance()
====================================================================================================
Punkt                rho |  v_d Bilanz mm/s |  <V> periodisch mm/s |  rel. Abw. |   F_bar_A N |     tau s
(0,0)             1000.0 |     +1.054900161 |         +1.054895308 |  -4.60e-06 |  +1.396e-04 |      5.84   (0.0 s)
(0,0)              100.0 |     +1.054900161 |         +1.054900706 |  +5.16e-07 |  +1.396e-05 |     58.44   (0.0 s)
(0,0)                1.2 |     +1.054900161 |         +1.054900760 |  +5.68e-07 |  +1.675e-07 |   4869.79   (0.0 s)
(120,240)         1000.0 |     -0.081024195 |         -0.081023503 |  +8.54e-06 |  -1.457e-06 |     41.99   (0.0 s)
(120,240)          100.0 |     -0.081024195 |         -0.081023504 |  +8.53e-06 |  -1.457e-07 |    419.95   (0.0 s)
(120,240)            1.2 |     -0.081024195 |         -0.081023504 |  +8.53e-06 |  -1.749e-09 |  34995.50   (0.0 s)
(221.54,110.77)   1000.0 |     -0.166335748 |         -0.166334205 |  +9.27e-06 |  -3.341e-06 |     37.99   (0.0 s)
(221.54,110.77)    100.0 |     -0.166335748 |         -0.166334235 |  +9.09e-06 |  -3.341e-07 |    379.92   (0.0 s)
(221.54,110.77)      1.2 |     -0.166335748 |         -0.166334236 |  +9.09e-06 |  -4.009e-09 |  31659.81   (0.0 s)

Dichtevergleich des integrierten Modells (periodische Lösung), rel. Abweichung zu rho = 1000:
  (0,0)           : rho=100: +5.12e-06   rho=1.2: +5.17e-06
  (120,240)       : rho=100: -6.80e-09   rho=1.2: -7.56e-09
  (221.54,110.77) : rho=100: -1.82e-07   rho=1.2: -1.84e-07

====================================================================================================
(c) Einschwingen aus der Ruhe (V(0) = 0) – Wert nach 8 s und Fenstermittel 4–8 s (v1-Fenster)
====================================================================================================
  (0,0)      rho= 1000.0: <V>_(4-8 s) = +0.691635 mm/s =  65.564 % von v_d; F_bar_A*6s/M_ges = +1.116554 mm/s; tau = 5.8 s
  (0,0)      rho=    1.2: <V>_(4-8 s) = +0.001359 mm/s =   0.129 % von v_d; F_bar_A*6s/M_ges = +0.001340 mm/s; tau = 4869.8 s
  (120,240)  rho= 1000.0: <V>_(4-8 s) = -0.010863 mm/s =  13.408 % von v_d; F_bar_A*6s/M_ges = -0.011659 mm/s; tau = 42.0 s
  (120,240)  rho=    1.2: <V>_(4-8 s) = -0.000014 mm/s =   0.017 % von v_d; F_bar_A*6s/M_ges = -0.000014 mm/s; tau = 34995.5 s

====================================================================================================
(d) integrate_drift() (Skriptfunktion) am langsamsten Punkt, rho = 1000, tol = 1e-5
====================================================================================================
  integriert -0.166274 mm/s nach 2911 Perioden (291 s), Bilanz -0.166336, periodisch -0.166334; Abbruchfehler (int-per)/per = +3.60e-04; tau = 38.0 s (21 s Rechenzeit)

real	0m22.714s
user	0m22.534s
sys	0m0.048s
